github.com → через VPN: 🇩🇪 DE-1
Сработало: правило 2 «GitHub» — сайт github.com в списке
DNS, если программа спрашивает DNS сама: имя разрешается через 🇩🇪 DE-1 (Cloudflare). Так решает правило «GitHub» для tcp.
DNS через службу DNS Windows (так спрашивает большинство программ): как обычно, через DNS-сервер сети: выше есть правило «Всё остальное» по IP/geoip, и через VPN адрес сайта мог бы оказаться другим.
DNS: IPv6-адреса для него не выдаются («Не пускать IPv6 в VPN»).
