hyroutectl — управление запущенным HyRoute из командной строки

Использование: hyroutectl <команда> [параметры]

Подключение:
  status                    состояние подключения
  connect [--wait[=СЕК]]    подключить; --wait — дождаться серверов (по умолчанию 30 с)
  disconnect                отключить; снимает блокировку kill switch, как кнопка «Отключить»
  reconnect [--wait[=СЕК]]  переподключить
  start [--no-wait]         запустить HyRoute, если он не запущен
  show                      открыть окно HyRoute

Серверы и правила:
  servers                   список серверов
  groups                    группы серверов
  server [ИМЯ]              показать или сменить основной сервер (или группу)
  check ИМЯ                 проверить сервер
  ruleset [ИМЯ] [--reconnect]
                            список профилей правил или включить профиль
  explain АДРЕС [--app ПРОГРАММА.exe] [--port N] [--udp] [--steps]
                            куда пойдёт соединение и почему
  rules export [--format text|json] [-o ФАЙЛ]
                            правила текстом или в JSON — в консоль или в файл
  rules import ФАЙЛ|- [--format text|json] [--replace] [--dry-run]
                            добавить правила из файла («-» — из ввода);
                            --replace заменяет все; --dry-run только проверяет

Прочее:
  subs                      подписки
  subs update [ИМЯ]         обновить подписку (без имени — все включённые)
  networks                  правила сетей и текущая сеть
  networks apply [--yes]    применить правило текущей сети сейчас;
                            --yes — даже если правило отключает HyRoute
  networks on|off           включить или выключить «Действовать по сети»
  stats [today|yesterday|7d|30d|ГГГГ-ММ]
                            статистика трафика (по умолчанию today)
  logs [engine|hysteria|СЕРВЕР] [-n N] [--follow]
                            журнал (по умолчанию engine, последние 50 строк)
  version                   версии hyroutectl, HyRoute и Hysteria

Общие параметры:
  --json          вывод для скриптов: {"ok":true,"result":…} или {"ok":false,…},
                  JSON только из ASCII-символов
  --private       скрыть IP, домены, адреса серверов и ссылки, как «Скрыть данные»
  --timeout=СЕК   сколько ждать ответа HyRoute
  --user=SID      HyRoute другой учётной записи (только из окна администратора)
  -h, --help      эта справка

Коды выхода: 0 — успех; 1 — команда не выполнена; 2 — неверные аргументы или имя не найдено;
3 — HyRoute не запущен; 4 — нет доступа; 5 — время ожидания истекло; 6 — в файле правил ошибки;
7 — эта версия HyRoute не поддерживает команду; 130 — прервано (Ctrl+C).
