Действовать по сети: включено
Сейчас: Wi-Fi «Home» (частная сеть)
Правило: Дом → отключиться (всё напрямую) · вручную до смены сети
Последнее действие: Сеть сменилась: правило «Дом»
Правила:
  1. «Дом» → отключиться (всё напрямую)
  2. «Офис» → профиль правил «Работа», подключиться
  3. «Кафе» → профиль правил (удалён) (выключено)
  4. «Гости» → ничего
  Неизвестная сеть → подключиться
