HyRoute v1.3.0 — подключено (1 ч 12 мин)
Основной: группа «Auto» (сейчас DE-2)
Профиль правил: Дом
Сеть: правило «Дом» · вручную до смены сети
Серверы:
  🇩🇪 DE-1   подключён         ↑ 12 MB  ↓ 310 MB
  NL        переподключение   отклонено 3: timeout
Kill switch: включён
Подписка «Панель»: осталось 8.0 ГБ из 100 ГБ (8 %)
Внимание: правило «YouTube»: сервер удалён — соединения будут отклоняться
Внимание: правило сети «Дом» не выполнено: не подключено: нет серверов
Внимание: DNS-сервер для VPN (Cloudflare) не отвечает через 🇩🇪 DE-1: сайты через VPN не открываются.
DNS: шифрование прямых DNS-запросов не работает: DNS-сервер не отвечает
DNS: имена через VPN сейчас разрешаются напрямую, пока VPN недоступен — ещё 2 мин.
